
======================   ALLOCATED NODES   ======================
	wn101: flags=0x11 slots=2 max_slots=0 slots_inuse=0 state=UP
=================================================================

Proc: 0:
	  0   0   0   0   0   0 
	  0  11  12  13  14   0 
	  0  21  22  23  24   0 
	  0  31  32  33  34   0 
	  0  41  42  43  44   0 
	  0   0   0   0   0   0 

Proc: 1:
	  0   0   0   0   0   0 
	  0 -11 -12 -13 -14   0 
	  0 -21 -22 -23 -24   0 
	  0 -31 -32 -33 -34   0 
	  0 -41 -42 -43 -44   0 
	  0   0   0   0   0   0 

Proc: 1:
	  0  41  42  43  44   0 
	 14 -11 -12 -13 -14  11 
	 24 -21 -22 -23 -24  21 

Proc: 0:
	  0 -41 -42 -43 -44   0 
	-14  11  12  13  14 -11 
	-24  21  22  23  24 -21 
	-34  31  32  33  34 -31 
	-44  41  42  43  44 -41 
	 34 -31 -32 -33 -34  31 
	 44 -41 -42 -43 -44  41 
	  0  11  12  13  14   0 
	  0 -11 -12 -13 -14   0 
