nvcc warning : Support for offline compilation for architectures prior to '<compute/sm/lto>_75' will be removed in a future release (Use -Wno-deprecated-gpu-targets to suppress warning).
	[4mGPU0	GPU1	CPU Affinity	NUMA Affinity	GPU NUMA ID[0m
GPU0	 X 	NODE	0-1,12-13	0		N/A
GPU1	NODE	 X 	0-1,12-13	0		N/A

Legend:

  X    = Self
  SYS  = Connection traversing PCIe as well as the SMP interconnect between NUMA nodes (e.g., QPI/UPI)
  NODE = Connection traversing PCIe as well as the interconnect between PCIe Host Bridges within a NUMA node
  PHB  = Connection traversing PCIe as well as a PCIe Host Bridge (typically the CPU)
  PXB  = Connection traversing multiple PCIe bridges (without traversing the PCIe Host Bridge)
  PIX  = Connection traversing at most a single PCIe bridge
  NV#  = Connection traversing a bonded set of # NVLinks

NCCL version 2.27.7+cuda12.9
AllReduce via host:
  Time: 283.93 ms
  result[0] on GPU0: OK
  result[0] on GPU1: OK

AllReduce via NCCL:
  Time: 121.05 ms
  result[0] on GPU0: OK
  result[0] on GPU1: OK

NCCL/host: 2.35x
